$ pwd
/home/stormrider/Dropbox/src/git/maas-offline-docs/src
$ cat maas-documentation.md | radput -t 25
$ radRfixdb
rm: cannot remove '/tmp/rad.db': No such file or directory
.
.
.
.
.
.
.
.
.
.
.
.
.
.
.
.
.
.
.
.
.
.
.
.
.
.
.
.
.
.
.
.
.
.
.
.
.
.
.
.
.
.
.
.
.
.
.
.
.
.
.
.
.
.
.
.
.
.
.
.
.
.
.
.
.
.
.
.
.
.
.
.
.
.
.
.
.
.
.
.
.
.
.
.
.
.
.
.
.
.
.
.
.
.
.
.
.
.
.
.
.
.
.
.
.
.
.
.
.
.
.
.
.
.
.
.
.
.
.
.
.
.
.
.
.
.
.
.
.
.
.
.
.
.
.
.
.
.
.
.
.
.
.
.
.
.
.
.
.
.
.
.
.
.
.
.
.
.
.
.
.
.
.
.
.
.
.
.
.
.
.
.
.
.
.
.
.
.
.
.
.
.
.
.
.
.
.
.
.
.
.
.
.
.
.
.
.
.
.
.
.
.
.
.
.
.
.
.
.
.
.
.
.
.
.
.
.
.
.
.
.
.
.
.
.
.
.
.
.
.
.
.
.
.
.
.
.
.
.
.
.
.
.
.
.
.
.
.
.
.
.
.
.
.
.
.
.
.
.
.
.
.
.
.
.
.
.
.
.
.
.
.
.
.
.
.
.
.
.
.
.
.
.
.
.
.
.
.
.
.
.
.
.
.
.
.
.
.
.
.
.
.
.
.
.
.
.
.
.
.
.
.
.
.
.
.
.
.
.
.
.
.
.
.
.
.
.
.
.
.
.
.
.
.
.
.
.
.
.
.
.
.
.
.
.
.
.
.
.
.
.
.
.
.
.
.
.
.
.
.
.
.
.
.
.
.
.
.
.
.
.
.
.
.
.
.
.
.
.
.
.
.
.
.
.
.
.
.
.
.
.
.
.
.
.
.
.
.
.
.
.
.
.
.
.
.
.
.
.
.
.
.
.
.
.
.
.
.
.
.
.
.
.
.
.
.
.
.
.
.
.
.
.
.
.
.
.
.
.
.
.
.
.
.
.
.
.
.
.
.
.
.
.
.
.
.
.
.
.
.
.
.
.
.
.
.
.
.
.
.
.
.
.
.
.
.
.
.
.
.
.
.
.
.
.
.
.
.
.
.
.
.
.
.
.
.
.
.
.
.
.
.
.
.
.
.
.
.
.
.
.
.
.
.
.
.
.
.
.
.
.
.
.
.
.
.
.
.
.
.
.
.
.
.
.
.
.
.
.
.
.
.
.
.
.
.
.
.
.
.
.
.
.
.
.
.
.
.
.
.
.
.
.
.
.
.
.
.
.
.
.
.
.
.
.
.
.
.
.
.
.
.
.
.
.
.
.
.
.
.
.
.
.
.
.
.
.
.
.
.
.
.
.
.
.
.
.
.
.
.
.
.
.
.
.
.
.
.
.
.
.
.
.
.
.
.
.
.
.
.
.
.
.
.
.
.
.
.
.
.
.
.
.
.
.
.
.
.
.
.
.
.
.
.
.
.
.
.
.
.
.
.
.
.
.
.
.
.
.
.
.
.
.
.
.
.
.
.
.
.
.
.
.
.
.
.
.
.
.
.
.
.
.
.
.
.
.
.
.
.
.
.
.
.
.
.
.
.
.
.
.
.
.
.
.
.
.
.
.
.
.
.
.
.
.
.
.
.
.
.
.
.
.
.
.
.
.
.
.
.
.
.
.
.
.
.
.
.
.
.
.
.
.
.
.
.
.
.
.
.
.
.
.
.
.
.
.
.
.
.
.
.
.
.
.
.
.
.
.
.
.
.
.
.
.
.
.
.
.
.
.
.
.
.
.
.
.
.
.
[sudo] password for stormrider: 
$ radRstage whats-new-in-maas
$ radRstage whats-new-in-maas
$ radRstage whats-new-in-maas
$ radRmake whats-new-in-maas
^^^^^^^^^^^^$ radRmake whats-new-in-maas
^^^^^^^^^^^^$ radRmake whats-new-in-maas
^^^^^^^^^^^^$ radRmake whats-new-in-maas
^^^^^^^^^^^^$ radRmake whats-new-in-maas
^^^^^^^^^^^^$ git add .
$ git commit -m 'Created 3.1.0-beta1 release notes
> Update "Whats new in MAAS" to accommodate 3.1'
[master d10ca0c0] Created 3.1.0-beta1 release notes Update "Whats new in MAAS" to accommodate 3.1
 3 files changed, 479 insertions(+), 94 deletions(-)
 rewrite src/static-ubuntu-images.md (75%)
$ git push
To git+ssh://git.launchpad.net/maas-offline-docs
 ! [rejected]          master -> master (non-fast-forward)
error: failed to push some refs to 'git+ssh://billwear@git.launchpad.net/maas-offline-docs'
hint: Updates were rejected because the tip of your current branch is behind
hint: its remote counterpart. Integrate the remote changes (e.g.
hint: 'git pull ...') before pushing again.
hint: See the 'Note about fast-forwards' in 'git push --help' for details.
$ git pull
hint: Waiting for your editor to close the file...
Merge made by the 'recursive' strategy.
$ ls

about-maas.md
about-machines.md
about-networking.md
api-authentication.md
audit-event-logs.md
availability-zones.md
backup.md
commissioning-logs.md
commissioning-scripts-reference.md
concepts-and-terms.md
configuring-tls-encryption.md
controllers.md
creating-a-custom-ubuntu-image.md
creating-and-deleting-vms.md
event-logs.md
give-me-an-example-of-maas.md
hardening-your-maas-installation.md
hardware-test-scripts-reference.md
high-availability.md
how-to-customise-machines.md
how-to-deploy-machines.md
how-to-manage-dhcp.md
how-to-manage-machines.md
how-to-manage-networks.md
how-to-manage-tags.md
how-to-manage-vm-hosts.md
how-to-use-controller-tags.md
how-to-use-device-tags.md
how-to-use-lxd.md
how-to-use-machine-tags.md
how-to-use-network-tags.md
how-to-use-node-tags.md
how-to-use-storage-tags.md
images.md
interactive-search.md
ip-ranges.md
local-image-mirror.md
maas-cli.md
maas-documentation.md
maas-image-builder.md
maas-installation.md
maas-logging.md
maas-requirements.md
machine-logs.md
manage-machine-interfaces.md
ntp-services.md
partitions.md
placeholder.md
postgresql-ha-hot-standby.md
power-management.md
prometheus-metrics.md
proxy.md
rack-controllers.md
region-controllers.md
resource-pools.md
select-and-import-images.md
static-ubuntu-images.md
storage.md
tags-and-annotations.md
test-logs.md
tips-tricks-and-traps.md
troubleshooting.md
use-lxd.md
user-accounts.md
using-image-streams.md
using-maas-in-an-air-gapped-environment.md
vm-hosting.md
vmware-images.md
whats-new-in-maas.md
$ $ git reset
Unstaged changes after reset:
M	src/whats-new-in-maas.md
$ head whats-new-in-maas.md 
$ pwd
/home/stormrider/Dropbox/src/git/maas-offline-docs/src
$ cat maas-documentation.md | radput -t 25
$ radRfixdb
rm: cannot remove '/tmp/rad.db': No such file or directory
.
.
.
.
.
$ git revert
usage: git revert [<options>] <commit-ish>...
   or: git revert <subcommand>

    --quit                end revert or cherry-pick sequence
    --continue            resume revert or cherry-pick sequence
    --abort               cancel revert or cherry-pick sequence
    --skip                skip current commit and continue
    --cleanup <mode>      how to strip spaces and #comments from message
    -n, --no-commit       don't automatically commit
    -e, --edit            edit the commit message
    -s, --signoff         add Signed-off-by:
    -m, --mainline <parent-number>
                          select mainline parent
    --rerere-autoupdate   update the index with reused conflict resolution if possible
    --strategy <strategy>
                          merge strategy
    -X, --strategy-option <option>
                          option for merge strategy
    -S, --gpg-sign[=<key-id>]
                          GPG sign commit

$ head whats-new-in-maas.md 
rad-begin /snap/2.9/cli /snap/2.9/ui /deb/2.9/ui /deb/2.9/cli

<h2>MAAS 2.9.2 release notes</h2>

We have released MAAS 2.9.2, which contains two new features, and some notable [bug fixes](https://launchpad.net/maas/+milestone/2.9.2). The two new features are:

1. Proxmox driver: A driver has been added to MAAS 2.9.2 which intereacts with the Proxmox API.  Only one URL is needed, though a username and credentials are required.  Credentials can be either a password or an API token.  Note that if you use a token, you have to configure the permissions for the token.  Newly-created Proxmox tokens don't assign any permissions by default, so you must add `power on`, `power off`, and `query power` permissions to the token before using it.

2. Power driver Webhook:  A webhook was added to 2.9.2, which allows MAAS to interface with another web service that's running the power commands.  This webhook is provided for interacting with objects that MAAS does not support, that is, the MAAS team supports the driver itself, but whatever is interfacing to the driver is not supported.  This webhook as three URLs, one each for power on, power off, and power query.  Optionally, this webhook also supports a power user and password or token (RFC 6717).  This gives you a way to add your own power drivers without waiting for the driver to be added to MAAS.  There is a [video tutorial](https://discourse.maas.io/t/maas-show-and-tell-proxmox-and-webhook/3754/3) available on this new feature.

$ tail whats-new-in-maas.md 
Suppose that, after identifying your LXD KVM, you choose "Provide certificate and private key".  When you do so, the screen will extend to allow you to upload these items:

![Screenshot from 2021-09-24 17-05-39|690x443](upload://zG0WDZqWd0wyDkF26jbak92RmI7.png) 

Paste or upload your certificate and private key, then click "Next" to validate your authentication criteria, before continuing through the normal LXD KVM creation process.  If your certificate and/or key aren't usable for some reason, MAAS will return an error (in this case, the private key was entered as gibberish, to produce an error output):

![Screenshot from 2021-09-24 17-08-40|622x110](upload://5LFC5i2Et9eDHYwYEKJmtMJaop0.png) 


rad-end
$ git add .
$ git commit -m 'Add 3.1.0-beta1 release notes
> Update "whats new in maas" to 3.1 RAD level'
On branch master
Your branch is ahead of 'origin/master' by 4 commits.
  (use "git push" to publish your local commits)

nothing to commit, working tree clean
$ git push
Enumerating objects: 21, done.
Counting objects: 100% (18/18), done.
Delta compression using up to 8 threads
Compressing objects: 100% (11/11), done.
Writing objects: 100% (11/11), 9.85 KiB | 1.41 MiB/s, done.
Total 11 (delta 7), reused 0 (delta 0)
To git+ssh://git.launchpad.net/maas-offline-docs
   2cf0f807..af39cc7a  master -> master
$ 